create
get empty
set
get
thread start
thread set
destruktor
